your url is: https://sweet-times-warn.loca.lt
Sun May 03 2026 13:13:43 GMT+0530 (India Standard Time) OPTIONS /users
Sun May 03 2026 13:13:43 GMT+0530 (India Standard Time) OPTIONS /users
Sun May 03 2026 13:15:30 GMT+0530 (India Standard Time) GET /
Sun May 03 2026 13:17:07 GMT+0530 (India Standard Time) GET /
Sun May 03 2026 13:20:13 GMT+0530 (India Standard Time) GET /
Sun May 03 2026 13:20:18 GMT+0530 (India Standard Time) GET /favicon.ico
Sun May 03 2026 13:20:50 GMT+0530 (India Standard Time) POST /users
Sun May 03 2026 13:20:50 GMT+0530 (India Standard Time) POST /users
Sun May 03 2026 13:20:53 GMT+0530 (India Standard Time) GET /
Sun May 03 2026 13:22:56 GMT+0530 (India Standard Time) GET /
Sun May 03 2026 13:24:52 GMT+0530 (India Standard Time) GET /
Sun May 03 2026 13:27:30 GMT+0530 (India Standard Time) OPTIONS /chat-general
Sun May 03 2026 13:27:32 GMT+0530 (India Standard Time) POST /chat-general
Sun May 03 2026 13:27:49 GMT+0530 (India Standard Time) OPTIONS /chat
Sun May 03 2026 13:27:50 GMT+0530 (India Standard Time) POST /chat
Sun May 03 2026 13:28:21 GMT+0530 (India Standard Time) POST /chat-general
Sun May 03 2026 13:28:58 GMT+0530 (India Standard Time) POST /chat-general
Sun May 03 2026 14:06:32 GMT+0530 (India Standard Time) GET /
Sun May 03 2026 14:07:13 GMT+0530 (India Standard Time) GET /
Sun May 03 2026 14:08:52 GMT+0530 (India Standard Time) GET /
C:\Users\MADHU KRISHNA\AppData\Roaming\npm\node_modules\localtunnel\bin\lt.js:81
    throw err;
    ^

Error: connection refused: localtunnel.me:30627 (check your firewall settings)
    at Socket.<anonymous> (C:\Users\MADHU KRISHNA\AppData\Roaming\npm\node_modules\localtunnel\lib\TunnelCluster.js:52:11)
    at Socket.emit (node:events:518:28)
    at emitErrorNT (node:internal/streams/destroy:170:8)
    at emitErrorCloseNT (node:internal/streams/destroy:129:3)
    at process.processTicksAndRejections (node:internal/process/task_queues:90:21)

Node.js v22.18.0
